
error: invalid value "?" for flag -include-selector: invalid css selector: expected identifier, found ? instead

