html2markdown

GitVersion:  2.3.4-test
GitCommit:   ca82a6dff817ec66f44342007202690a93763949
BuildDate:   2024-08-18T13:03:43Z
