
error: unknown arguments: 12456789124567891245678912456789124567891245678912456789124567891245678912456789124567891245678912456789124567891245678912456789124567891245678912456789124567891245678912456789124567891245678912456789124567891245678912456789124567891245678912456789124567891245678912456789124567891245678912456789124567891245678912456789

Here is how you can use the CLI:

    echo "<strong>important</strong>" | html2markdown

