
error: invalid value " " for flag -include-selector: invalid css selector: empty string

