
error: unknown flag: --opt_strong_delimiter

Did you mean --opt-strong-delimiter instead?

